Apache/Apache/htdocs
Apache/Apache/htdocs/Tab_files
Apache/Apache/htdocs/ohs_images
BC4J/jlib
BC4J/lib
BC4J/redist
OPatch
OPatch/docs
OPatch/jlib
OPatch/perl_modules
ant
ant/bin
ant/etc
ant/etc/checkstyle
ant/lib
assistants/jlib
backup_restore
backup_restore/common
backup_restore/config
backup_restore/loha
bin
cfgtoollogs
chgip/config
chgip/jlib
chgip/scripts
config
datadirect/Examples
datadirect/Examples/connector
datadirect/Examples/connector/src
datadirect/Examples/connector/src/connectorsample
datadirect/SQLServerJTA/32-bit
datadirect/SQLServerJTA/64-bit
datadirect/lib
datadirect/poolmanager
datadirect/sun/lib
datadirect/sun/lib/fs
datadirect/sun/lib/ldap
datadirect/testforjdbc
datadirect/testforjdbc/lib
diagnostics/config
diagnostics/config/registration
diagnostics/lib
iaspt/bin
iaspt/conf
install
j2ee
j2ee/home
j2ee/home/applib
j2ee/home/applications
j2ee/home/config
j2ee/home/config/database-schemas
j2ee/home/connectors
j2ee/home/connectors/OracleASjms
j2ee/home/connectors/datasources
j2ee/home/database
j2ee/home/database/j2ee/jta/oracle
j2ee/home/database/webservices/reliability/oracle
j2ee/home/default-web-app
j2ee/home/default-web-app/WEB-INF
j2ee/home/default-web-app/WEB-INF/classes
j2ee/home/default-web-app/WEB-INF/classes/cal
j2ee/home/default-web-app/WEB-INF/classes/checkbox
j2ee/home/default-web-app/WEB-INF/classes/colors
j2ee/home/default-web-app/WEB-INF/classes/com/oracle/welcomepage
j2ee/home/default-web-app/WEB-INF/classes/dates
j2ee/home/default-web-app/WEB-INF/classes/error
j2ee/home/default-web-app/WEB-INF/classes/examples
j2ee/home/default-web-app/WEB-INF/classes/jsp2/examples
j2ee/home/default-web-app/WEB-INF/classes/jsp2/examples/el
j2ee/home/default-web-app/WEB-INF/classes/jsp2/examples/simpletag
j2ee/home/default-web-app/WEB-INF/classes/num
j2ee/home/default-web-app/WEB-INF/classes/sessions
j2ee/home/default-web-app/WEB-INF/jsp
j2ee/home/default-web-app/WEB-INF/jsp2
j2ee/home/default-web-app/WEB-INF/lib
j2ee/home/default-web-app/WEB-INF/tags
j2ee/home/default-web-app/examples/images
j2ee/home/default-web-app/examples/jsp
j2ee/home/default-web-app/examples/jsp/cal
j2ee/home/default-web-app/examples/jsp/checkbox
j2ee/home/default-web-app/examples/jsp/colors
j2ee/home/default-web-app/examples/jsp/dates
j2ee/home/default-web-app/examples/jsp/error
j2ee/home/default-web-app/examples/jsp/forward
j2ee/home/default-web-app/examples/jsp/include
j2ee/home/default-web-app/examples/jsp/jsp2/el
j2ee/home/default-web-app/examples/jsp/jsp2/jspattribute
j2ee/home/default-web-app/examples/jsp/jsp2/jspx
j2ee/home/default-web-app/examples/jsp/jsp2/misc
j2ee/home/default-web-app/examples/jsp/jsp2/simpletag
j2ee/home/default-web-app/examples/jsp/jsp2/tagfiles
j2ee/home/default-web-app/examples/jsp/jsptoserv
j2ee/home/default-web-app/examples/jsp/num
j2ee/home/default-web-app/examples/jsp/plugin
j2ee/home/default-web-app/examples/jsp/plugin/applet
j2ee/home/default-web-app/examples/jsp/sessions
j2ee/home/default-web-app/examples/jsp/simpletag
j2ee/home/default-web-app/examples/jsp/snp
j2ee/home/default-web-app/examples/jsp/taglib/loop
j2ee/home/default-web-app/examples/jsp/xml
j2ee/home/default-web-app/examples/servlets
j2ee/home/default-web-app/ohs_images
j2ee/home/default-web-app/tab_files
j2ee/home/jazn
j2ee/home/jazn/config
j2ee/home/jazn/install
j2ee/home/jazn/smi
j2ee/home/jsp/bin
j2ee/home/jsp/lib/taglib
j2ee/home/lib
j2ee/home/lib/ext
j2ee/home/shared-lib
j2ee/utilities
javavm/lib
jdbc
jdbc/doc
jdbc/lib
jlib
jre/1.4.2
jre/1.4.2/bin
jre/1.4.2/javaws
jre/1.4.2/javaws/resources
jre/1.4.2/lib
jre/1.4.2/lib/audio
jre/1.4.2/lib/cmm
jre/1.4.2/lib/ext
jre/1.4.2/lib/fonts
jre/1.4.2/lib/i386
jre/1.4.2/lib/i386/client
jre/1.4.2/lib/i386/native_threads
jre/1.4.2/lib/i386/server
jre/1.4.2/lib/im
jre/1.4.2/lib/images/cursors
jre/1.4.2/lib/locale/de/LC_MESSAGES
jre/1.4.2/lib/locale/es/LC_MESSAGES
jre/1.4.2/lib/locale/fr/LC_MESSAGES
jre/1.4.2/lib/locale/it/LC_MESSAGES
jre/1.4.2/lib/locale/ja/LC_MESSAGES
jre/1.4.2/lib/locale/ko.UTF-8/LC_MESSAGES
jre/1.4.2/lib/locale/ko/LC_MESSAGES
jre/1.4.2/lib/locale/sv/LC_MESSAGES
jre/1.4.2/lib/locale/zh.GBK/LC_MESSAGES
jre/1.4.2/lib/locale/zh/LC_MESSAGES
jre/1.4.2/lib/locale/zh_TW.BIG5/LC_MESSAGES
jre/1.4.2/lib/locale/zh_TW/LC_MESSAGES
jre/1.4.2/lib/security
jre/1.4.2/lib/zi
jre/1.4.2/lib/zi/Africa
jre/1.4.2/lib/zi/America
jre/1.4.2/lib/zi/America/Indiana
jre/1.4.2/lib/zi/America/Kentucky
jre/1.4.2/lib/zi/America/North_Dakota
jre/1.4.2/lib/zi/Antarctica
jre/1.4.2/lib/zi/Asia
jre/1.4.2/lib/zi/Atlantic
jre/1.4.2/lib/zi/Australia
jre/1.4.2/lib/zi/Etc
jre/1.4.2/lib/zi/Europe
jre/1.4.2/lib/zi/Indian
jre/1.4.2/lib/zi/Pacific
jre/1.4.2/plugin/desktop
jre/1.4.2/plugin/i386/ns4
jre/1.4.2/plugin/i386/ns610
jre/1.4.2/plugin/i386/ns610-gcc32
ldap/schema/oid
lib
mds/lib
network/admin
network/doc
network/install
network/lib
network/mesg
nls/data
nls/data/old
nls/lbuilder
nls/lbuilder/jlib
nls/mesg
opmn/lib
oracore/mesg
oracore/zoneinfo
ord/im/admin
ord/im/javadoc
ord/jlib
oui
oui/bin
oui/bin/resource
oui/guide
oui/jlib
oui/lib/linux
owm/install
owm/jlib
owm/jlib/help/owm
perl/bin
perl/include
perl/lib/5.8.3
perl/lib/5.8.3/Attribute
perl/lib/5.8.3/Attribute/Handlers
perl/lib/5.8.3/Attribute/Handlers/demo
perl/lib/5.8.3/B
perl/lib/5.8.3/CGI
perl/lib/5.8.3/CGI/eg
perl/lib/5.8.3/CPAN
perl/lib/5.8.3/Carp
perl/lib/5.8.3/Class
perl/lib/5.8.3/Devel
perl/lib/5.8.3/Digest
perl/lib/5.8.3/Encode
perl/lib/5.8.3/Encode/CN
perl/lib/5.8.3/Encode/JP
perl/lib/5.8.3/Encode/KR
perl/lib/5.8.3/Encode/MIME
perl/lib/5.8.3/Encode/Unicode
perl/lib/5.8.3/Exporter
perl/lib/5.8.3/ExtUtils
perl/lib/5.8.3/ExtUtils/Command
perl/lib/5.8.3/ExtUtils/Liblist
perl/lib/5.8.3/ExtUtils/MakeMaker
perl/lib/5.8.3/File
perl/lib/5.8.3/File/Spec
perl/lib/5.8.3/Filter
perl/lib/5.8.3/Filter/Simple
perl/lib/5.8.3/Getopt
perl/lib/5.8.3/Getopt/Long
perl/lib/5.8.3/Hash
perl/lib/5.8.3/I18N
perl/lib/5.8.3/I18N/LangTags
perl/lib/5.8.3/IO/Socket
perl/lib/5.8.3/IPC
perl/lib/5.8.3/List
perl/lib/5.8.3/Locale
perl/lib/5.8.3/Locale/Codes
perl/lib/5.8.3/Locale/Maketext
perl/lib/5.8.3/Math
perl/lib/5.8.3/Math/BigFloat
perl/lib/5.8.3/Math/BigInt
perl/lib/5.8.3/Memoize
perl/lib/5.8.3/NEXT
perl/lib/5.8.3/Net
perl/lib/5.8.3/Net/FTP
perl/lib/5.8.3/Net/Ping
perl/lib/5.8.3/Net/demos
perl/lib/5.8.3/PerlIO/via
perl/lib/5.8.3/Pod
perl/lib/5.8.3/Pod/Perldoc
perl/lib/5.8.3/Pod/Text
perl/lib/5.8.3/Scalar
perl/lib/5.8.3/Search
perl/lib/5.8.3/Switch
perl/lib/5.8.3/Term
perl/lib/5.8.3/Term/ANSIColor
perl/lib/5.8.3/Test
perl/lib/5.8.3/Test/Harness
perl/lib/5.8.3/Test/Simple
perl/lib/5.8.3/Text
perl/lib/5.8.3/Text/Balanced
perl/lib/5.8.3/Text/TabsWrap
perl/lib/5.8.3/Thread
perl/lib/5.8.3/Tie
perl/lib/5.8.3/Time
perl/lib/5.8.3/Unicode
perl/lib/5.8.3/Unicode/Collate
perl/lib/5.8.3/User
perl/lib/5.8.3/auto/POSIX/SigAction
perl/lib/5.8.3/i686-linux-thread-multi
perl/lib/5.8.3/i686-linux-thread-multi/B
perl/lib/5.8.3/i686-linux-thread-multi/CORE
perl/lib/5.8.3/i686-linux-thread-multi/Data
perl/lib/5.8.3/i686-linux-thread-multi/Devel
perl/lib/5.8.3/i686-linux-thread-multi/Digest
perl/lib/5.8.3/i686-linux-thread-multi/Encode
perl/lib/5.8.3/i686-linux-thread-multi/File
perl/lib/5.8.3/i686-linux-thread-multi/Filter/Util
perl/lib/5.8.3/i686-linux-thread-multi/I18N
perl/lib/5.8.3/i686-linux-thread-multi/IO
perl/lib/5.8.3/i686-linux-thread-multi/IPC
perl/lib/5.8.3/i686-linux-thread-multi/MIME
perl/lib/5.8.3/i686-linux-thread-multi/PerlIO
perl/lib/5.8.3/i686-linux-thread-multi/Sys
perl/lib/5.8.3/i686-linux-thread-multi/Time
perl/lib/5.8.3/i686-linux-thread-multi/Unicode
perl/lib/5.8.3/i686-linux-thread-multi/XS
perl/lib/5.8.3/i686-linux-thread-multi/auto/B
perl/lib/5.8.3/i686-linux-thread-multi/auto/B/C
perl/lib/5.8.3/i686-linux-thread-multi/auto/ByteLoader
perl/lib/5.8.3/i686-linux-thread-multi/auto/Cwd
perl/lib/5.8.3/i686-linux-thread-multi/auto/Data/Dumper
perl/lib/5.8.3/i686-linux-thread-multi/auto/Devel/DProf
perl/lib/5.8.3/i686-linux-thread-multi/auto/Devel/PPPort
perl/lib/5.8.3/i686-linux-thread-multi/auto/Devel/Peek
perl/lib/5.8.3/i686-linux-thread-multi/auto/Digest/MD5
perl/lib/5.8.3/i686-linux-thread-multi/auto/DynaLoader
perl/lib/5.8.3/i686-linux-thread-multi/auto/Encode
perl/lib/5.8.3/i686-linux-thread-multi/auto/Encode/Byte
perl/lib/5.8.3/i686-linux-thread-multi/auto/Encode/CN
perl/lib/5.8.3/i686-linux-thread-multi/auto/Encode/EBCDIC
perl/lib/5.8.3/i686-linux-thread-multi/auto/Encode/JP
perl/lib/5.8.3/i686-linux-thread-multi/auto/Encode/KR
perl/lib/5.8.3/i686-linux-thread-multi/auto/Encode/Symbol
perl/lib/5.8.3/i686-linux-thread-multi/auto/Encode/TW
perl/lib/5.8.3/i686-linux-thread-multi/auto/Encode/Unicode
perl/lib/5.8.3/i686-linux-thread-multi/auto/Fcntl
perl/lib/5.8.3/i686-linux-thread-multi/auto/File/Glob
perl/lib/5.8.3/i686-linux-thread-multi/auto/Filter/Util/Call
perl/lib/5.8.3/i686-linux-thread-multi/auto/GDBM_File
perl/lib/5.8.3/i686-linux-thread-multi/auto/I18N/Langinfo
perl/lib/5.8.3/i686-linux-thread-multi/auto/IO
perl/lib/5.8.3/i686-linux-thread-multi/auto/IPC/SysV
perl/lib/5.8.3/i686-linux-thread-multi/auto/List/Util
perl/lib/5.8.3/i686-linux-thread-multi/auto/MIME/Base64
perl/lib/5.8.3/i686-linux-thread-multi/auto/NDBM_File
perl/lib/5.8.3/i686-linux-thread-multi/auto/Net
perl/lib/5.8.3/i686-linux-thread-multi/auto/Opcode
perl/lib/5.8.3/i686-linux-thread-multi/auto/POSIX
perl/lib/5.8.3/i686-linux-thread-multi/auto/PerlIO/encoding
perl/lib/5.8.3/i686-linux-thread-multi/auto/PerlIO/scalar
perl/lib/5.8.3/i686-linux-thread-multi/auto/PerlIO/via
perl/lib/5.8.3/i686-linux-thread-multi/auto/SDBM_File
perl/lib/5.8.3/i686-linux-thread-multi/auto/Socket
perl/lib/5.8.3/i686-linux-thread-multi/auto/Storable
perl/lib/5.8.3/i686-linux-thread-multi/auto/Sys/Hostname
perl/lib/5.8.3/i686-linux-thread-multi/auto/Sys/Syslog
perl/lib/5.8.3/i686-linux-thread-multi/auto/Time/HiRes
perl/lib/5.8.3/i686-linux-thread-multi/auto/Unicode/Normalize
perl/lib/5.8.3/i686-linux-thread-multi/auto/XS/APItest
perl/lib/5.8.3/i686-linux-thread-multi/auto/XS/Typemap
perl/lib/5.8.3/i686-linux-thread-multi/auto/attrs
perl/lib/5.8.3/i686-linux-thread-multi/auto/re
perl/lib/5.8.3/i686-linux-thread-multi/auto/sdbm
perl/lib/5.8.3/i686-linux-thread-multi/auto/threads
perl/lib/5.8.3/i686-linux-thread-multi/auto/threads/shared
perl/lib/5.8.3/i686-linux-thread-multi/threads
perl/lib/5.8.3/pod
perl/lib/5.8.3/unicore
perl/lib/5.8.3/unicore/To
perl/lib/5.8.3/unicore/lib
perl/lib/5.8.3/warnings
perl/lib/site_perl/5.8.3
perl/lib/site_perl/5.8.3/Apache
perl/lib/site_perl/5.8.3/Bundle
perl/lib/site_perl/5.8.3/Devel
perl/lib/site_perl/5.8.3/Devel/Symdump
perl/lib/site_perl/5.8.3/Digest
perl/lib/site_perl/5.8.3/File
perl/lib/site_perl/5.8.3/HTML
perl/lib/site_perl/5.8.3/HTTP
perl/lib/site_perl/5.8.3/HTTP/Cookies
perl/lib/site_perl/5.8.3/HTTP/Headers
perl/lib/site_perl/5.8.3/HTTP/Request
perl/lib/site_perl/5.8.3/LWP
perl/lib/site_perl/5.8.3/LWP/Authen
perl/lib/site_perl/5.8.3/LWP/Protocol
perl/lib/site_perl/5.8.3/Mail
perl/lib/site_perl/5.8.3/Mail/Sender/CType
perl/lib/site_perl/5.8.3/Net
perl/lib/site_perl/5.8.3/Net/Daemon
perl/lib/site_perl/5.8.3/Net/HTTP
perl/lib/site_perl/5.8.3/RPC
perl/lib/site_perl/5.8.3/RPC/PlServer
perl/lib/site_perl/5.8.3/URI
perl/lib/site_perl/5.8.3/URI/file
perl/lib/site_perl/5.8.3/URI/urn
perl/lib/site_perl/5.8.3/WWW
perl/lib/site_perl/5.8.3/WWW/RobotRules
perl/lib/site_perl/5.8.3/i686-linux-thread-multi
perl/lib/site_perl/5.8.3/i686-linux-thread-multi/Bundle
perl/lib/site_perl/5.8.3/i686-linux-thread-multi/DBD
perl/lib/site_perl/5.8.3/i686-linux-thread-multi/DBD/Oracle
perl/lib/site_perl/5.8.3/i686-linux-thread-multi/DBI
perl/lib/site_perl/5.8.3/i686-linux-thread-multi/DBI/Const
perl/lib/site_perl/5.8.3/i686-linux-thread-multi/DBI/Const/GetInfo
perl/lib/site_perl/5.8.3/i686-linux-thread-multi/DBI/DBD
perl/lib/site_perl/5.8.3/i686-linux-thread-multi/DBI/ProfileDumper
perl/lib/site_perl/5.8.3/i686-linux-thread-multi/Digest
perl/lib/site_perl/5.8.3/i686-linux-thread-multi/HTML
perl/lib/site_perl/5.8.3/i686-linux-thread-multi/Win32
perl/lib/site_perl/5.8.3/i686-linux-thread-multi/XML
perl/lib/site_perl/5.8.3/i686-linux-thread-multi/XML/Parser
perl/lib/site_perl/5.8.3/i686-linux-thread-multi/XML/Parser/Encodings
perl/lib/site_perl/5.8.3/i686-linux-thread-multi/XML/Parser/Style
perl/lib/site_perl/5.8.3/i686-linux-thread-multi/auto/Apache/DBI
perl/lib/site_perl/5.8.3/i686-linux-thread-multi/auto/DBD/Oracle
perl/lib/site_perl/5.8.3/i686-linux-thread-multi/auto/DBI
perl/lib/site_perl/5.8.3/i686-linux-thread-multi/auto/Devel/Symdump
perl/lib/site_perl/5.8.3/i686-linux-thread-multi/auto/Digest/HMAC
perl/lib/site_perl/5.8.3/i686-linux-thread-multi/auto/Digest/MD2
perl/lib/site_perl/5.8.3/i686-linux-thread-multi/auto/Digest/SHA1
perl/lib/site_perl/5.8.3/i686-linux-thread-multi/auto/HTML/Parser
perl/lib/site_perl/5.8.3/i686-linux-thread-multi/auto/HTML/Tagset
perl/lib/site_perl/5.8.3/i686-linux-thread-multi/auto/Mail/Sender
perl/lib/site_perl/5.8.3/i686-linux-thread-multi/auto/Net/Daemon
perl/lib/site_perl/5.8.3/i686-linux-thread-multi/auto/RPC/PlServer
perl/lib/site_perl/5.8.3/i686-linux-thread-multi/auto/URI
perl/lib/site_perl/5.8.3/i686-linux-thread-multi/auto/XML/Parser
perl/lib/site_perl/5.8.3/i686-linux-thread-multi/auto/XML/Parser/Expat
perl/lib/site_perl/5.8.3/i686-linux-thread-multi/auto/libwww-perl
perl/man/man1
perl/man/man3
plsql/admin
plsql/include
plsql/mesg
precomp/admin
precomp/lib
precomp/mesg
rdbms/admin
rdbms/install/sbs
rdbms/jlib
rdbms/lib
rdbms/mesg
rdbms/public
relnotes
rules/lib
rules/webapps
slax/mesg
sqlj/lib
sqlplus/lib
srvm/admin
sysman/config
toplink/config
toplink/config/dtds
toplink/config/xsds
toplink/jlib
uix/cabo/WEB-INF
uix/taglib
webservices/lib
xdk
xdk/include
xdk/mesg
xds/lib
xds/tools
